# Boot log — the real Express app against PGlite (first 60 structured log lines)
# Captured from: node test/demo.mjs   (npm run demo)
# The app's own JSON logger, unedited: stage.start / stage.timing / stage.complete for every stage,
# including the three Phase 14/15 non-council stages: coherenceMonitor, knowledgeProjection, telemetryRecord.

{"ts":"2026-09-07T05:16:08.798Z","level":"info","component":"chatOrchestrate:orchestrator","message":"stage.start","stage":"contextAssembly","messageId":"msg_1788758168798_0"}
{"ts":"2026-09-07T05:16:08.805Z","level":"debug","component":"chatOrchestrate:orchestrator","message":"stage.timing","stage":"contextAssembly","ms":7}
{"ts":"2026-09-07T05:16:08.805Z","level":"info","component":"chatOrchestrate:orchestrator","message":"stage.complete","stage":"contextAssembly","messageId":"msg_1788758168798_0","status":"success","ms":7}
{"ts":"2026-09-07T05:16:08.805Z","level":"info","component":"chatOrchestrate:orchestrator","message":"stage.start","stage":"observer","messageId":"msg_1788758168805_1"}
{"ts":"2026-09-07T05:16:08.814Z","level":"debug","component":"chatOrchestrate:orchestrator","message":"stage.timing","stage":"observer","ms":8}
{"ts":"2026-09-07T05:16:08.814Z","level":"info","component":"chatOrchestrate:orchestrator","message":"stage.complete","stage":"observer","messageId":"msg_1788758168805_1","status":"success","ms":8}
{"ts":"2026-09-07T05:16:08.814Z","level":"info","component":"chatOrchestrate:orchestrator","message":"stage.start","stage":"webSearch","messageId":"msg_1788758168814_2"}
{"ts":"2026-09-07T05:16:08.814Z","level":"debug","component":"chatOrchestrate:orchestrator","message":"stage.timing","stage":"webSearch","ms":0}
{"ts":"2026-09-07T05:16:08.814Z","level":"info","component":"chatOrchestrate:orchestrator","message":"stage.complete","stage":"webSearch","messageId":"msg_1788758168814_2","status":"success","ms":0}
{"ts":"2026-09-07T05:16:08.814Z","level":"info","component":"chatOrchestrate:orchestrator","message":"stage.start","stage":"strategist","messageId":"msg_1788758168814_3"}
{"ts":"2026-09-07T05:16:08.814Z","level":"debug","component":"chatOrchestrate:orchestrator","message":"stage.timing","stage":"strategist","ms":0}
{"ts":"2026-09-07T05:16:08.814Z","level":"info","component":"chatOrchestrate:orchestrator","message":"stage.complete","stage":"strategist","messageId":"msg_1788758168814_3","status":"success","ms":0}
{"ts":"2026-09-07T05:16:08.814Z","level":"info","component":"chatOrchestrate:orchestrator","message":"stage.start","stage":"specialist","messageId":"msg_1788758168814_4"}
{"ts":"2026-09-07T05:16:08.821Z","level":"debug","component":"chatOrchestrate:orchestrator","message":"stage.timing","stage":"specialist","ms":7}
{"ts":"2026-09-07T05:16:08.821Z","level":"info","component":"chatOrchestrate:orchestrator","message":"stage.complete","stage":"specialist","messageId":"msg_1788758168814_4","status":"success","ms":7}
{"ts":"2026-09-07T05:16:08.821Z","level":"info","component":"chatOrchestrate:orchestrator","message":"stage.start","stage":"synthesizer","messageId":"msg_1788758168821_5"}
{"ts":"2026-09-07T05:16:08.821Z","level":"debug","component":"chatOrchestrate:orchestrator","message":"stage.timing","stage":"synthesizer","ms":0}
{"ts":"2026-09-07T05:16:08.821Z","level":"info","component":"chatOrchestrate:orchestrator","message":"stage.complete","stage":"synthesizer","messageId":"msg_1788758168821_5","status":"success","ms":0}
{"ts":"2026-09-07T05:16:08.821Z","level":"info","component":"chatOrchestrate:orchestrator","message":"stage.start","stage":"coherenceMonitor","messageId":"msg_1788758168821_6"}
{"ts":"2026-09-07T05:16:08.824Z","level":"debug","component":"chatOrchestrate:orchestrator","message":"stage.timing","stage":"coherenceMonitor","ms":3}
{"ts":"2026-09-07T05:16:08.824Z","level":"info","component":"chatOrchestrate:orchestrator","message":"stage.complete","stage":"coherenceMonitor","messageId":"msg_1788758168821_6","status":"success","ms":3}
{"ts":"2026-09-07T05:16:08.824Z","level":"info","component":"chatOrchestrate:orchestrator","message":"stage.start","stage":"critic","messageId":"msg_1788758168824_7"}
{"ts":"2026-09-07T05:16:08.830Z","level":"debug","component":"chatOrchestrate:orchestrator","message":"stage.timing","stage":"critic","ms":6}
{"ts":"2026-09-07T05:16:08.830Z","level":"info","component":"chatOrchestrate:orchestrator","message":"stage.complete","stage":"critic","messageId":"msg_1788758168824_7","status":"success","ms":6}
{"ts":"2026-09-07T05:16:08.830Z","level":"info","component":"chatOrchestrate:orchestrator","message":"stage.timings","latencyMs":32,"stageTimings":{"contextAssembly":{"totalMs":7,"runs":1,"lastStatus":"success"},"observer":{"totalMs":8,"runs":1,"lastStatus":"success"},"webSearch":{"totalMs":0,"runs":1,"lastStatus":"success"},"strategist":{"totalMs":0,"runs":1,"lastStatus":"success"},"specialist":{"totalMs":7,"runs":1,"lastStatus":"success"},"synthesizer":{"totalMs":0,"runs":1,"lastStatus":"success"},"coherenceMonitor":{"totalMs":3,"runs":1,"lastStatus":"success"},"critic":{"totalMs":6,"runs":1,"lastStatus":"success"}}}
{"ts":"2026-09-07T05:16:08.830Z","level":"info","component":"chatOrchestrate:orchestrator","message":"stage.start","stage":"governor","messageId":"msg_1788758168830_8"}
{"ts":"2026-09-07T05:16:08.830Z","level":"debug","component":"chatOrchestrate:orchestrator","message":"stage.timing","stage":"governor","ms":0}
{"ts":"2026-09-07T05:16:08.830Z","level":"info","component":"chatOrchestrate:orchestrator","message":"stage.complete","stage":"governor","messageId":"msg_1788758168830_8","status":"success","ms":0}
{"ts":"2026-09-07T05:16:08.830Z","level":"info","component":"chatOrchestrate:orchestrator","message":"stage.start","stage":"memoryExtraction","messageId":"msg_1788758168830_9"}
{"ts":"2026-09-07T05:16:08.830Z","level":"info","component":"chatOrchestrate:orchestrator","message":"stage.start","stage":"auditLog","messageId":"msg_1788758168830_10"}
{"ts":"2026-09-07T05:16:08.835Z","level":"debug","component":"chatOrchestrate:orchestrator","message":"stage.timing","stage":"auditLog","ms":3}
{"ts":"2026-09-07T05:16:08.835Z","level":"info","component":"chatOrchestrate:orchestrator","message":"stage.complete","stage":"auditLog","messageId":"msg_1788758168830_10","status":"success","ms":3}
{"ts":"2026-09-07T05:16:08.860Z","level":"debug","component":"chatOrchestrate:orchestrator","message":"stage.timing","stage":"memoryExtraction","ms":29}
{"ts":"2026-09-07T05:16:08.860Z","level":"info","component":"chatOrchestrate:orchestrator","message":"stage.complete","stage":"memoryExtraction","messageId":"msg_1788758168830_9","status":"success","ms":29}
{"ts":"2026-09-07T05:16:08.860Z","level":"info","component":"chatOrchestrate:orchestrator","message":"stage.start","stage":"knowledgeProjection","messageId":"msg_1788758168860_11"}
{"ts":"2026-09-07T05:16:08.881Z","level":"debug","component":"chatOrchestrate:orchestrator","message":"stage.timing","stage":"knowledgeProjection","ms":21}
{"ts":"2026-09-07T05:16:08.881Z","level":"info","component":"chatOrchestrate:orchestrator","message":"stage.complete","stage":"knowledgeProjection","messageId":"msg_1788758168860_11","status":"success","ms":21}
{"ts":"2026-09-07T05:16:08.881Z","level":"info","component":"chatOrchestrate:orchestrator","message":"stage.start","stage":"telemetryRecord","messageId":"msg_1788758168881_12"}
{"ts":"2026-09-07T05:16:08.898Z","level":"debug","component":"chatOrchestrate:orchestrator","message":"stage.timing","stage":"telemetryRecord","ms":17}
{"ts":"2026-09-07T05:16:08.898Z","level":"info","component":"chatOrchestrate:orchestrator","message":"stage.complete","stage":"telemetryRecord","messageId":"msg_1788758168881_12","status":"success","ms":17}
{"ts":"2026-09-07T05:16:08.965Z","level":"info","component":"chatOrchestrate:orchestrator","message":"stage.start","stage":"contextAssembly","messageId":"msg_1788758168965_13"}
{"ts":"2026-09-07T05:16:08.968Z","level":"debug","component":"chatOrchestrate:orchestrator","message":"stage.timing","stage":"contextAssembly","ms":3}
{"ts":"2026-09-07T05:16:08.968Z","level":"info","component":"chatOrchestrate:orchestrator","message":"stage.complete","stage":"contextAssembly","messageId":"msg_1788758168965_13","status":"success","ms":3}
{"ts":"2026-09-07T05:16:08.968Z","level":"info","component":"chatOrchestrate:orchestrator","message":"stage.start","stage":"observer","messageId":"msg_1788758168968_14"}
{"ts":"2026-09-07T05:16:08.973Z","level":"debug","component":"chatOrchestrate:orchestrator","message":"stage.timing","stage":"observer","ms":5}
{"ts":"2026-09-07T05:16:08.973Z","level":"info","component":"chatOrchestrate:orchestrator","message":"stage.complete","stage":"observer","messageId":"msg_1788758168968_14","status":"success","ms":5}
{"ts":"2026-09-07T05:16:08.973Z","level":"info","component":"chatOrchestrate:orchestrator","message":"stage.start","stage":"webSearch","messageId":"msg_1788758168973_15"}
{"ts":"2026-09-07T05:16:08.973Z","level":"debug","component":"chatOrchestrate:orchestrator","message":"stage.timing","stage":"webSearch","ms":0}
{"ts":"2026-09-07T05:16:08.973Z","level":"info","component":"chatOrchestrate:orchestrator","message":"stage.complete","stage":"webSearch","messageId":"msg_1788758168973_15","status":"success","ms":0}
{"ts":"2026-09-07T05:16:08.973Z","level":"info","component":"chatOrchestrate:orchestrator","message":"stage.start","stage":"strategist","messageId":"msg_1788758168973_16"}
{"ts":"2026-09-07T05:16:08.973Z","level":"debug","component":"chatOrchestrate:orchestrator","message":"stage.timing","stage":"strategist","ms":0}
{"ts":"2026-09-07T05:16:08.973Z","level":"info","component":"chatOrchestrate:orchestrator","message":"stage.complete","stage":"strategist","messageId":"msg_1788758168973_16","status":"success","ms":0}
{"ts":"2026-09-07T05:16:08.973Z","level":"info","component":"chatOrchestrate:orchestrator","message":"stage.start","stage":"specialist","messageId":"msg_1788758168973_17"}
{"ts":"2026-09-07T05:16:08.978Z","level":"debug","component":"chatOrchestrate:orchestrator","message":"stage.timing","stage":"specialist","ms":5}
{"ts":"2026-09-07T05:16:08.978Z","level":"info","component":"chatOrchestrate:orchestrator","message":"stage.complete","stage":"specialist","messageId":"msg_1788758168973_17","status":"success","ms":5}
{"ts":"2026-09-07T05:16:08.978Z","level":"info","component":"chatOrchestrate:orchestrator","message":"stage.start","stage":"synthesizer","messageId":"msg_1788758168978_18"}
{"ts":"2026-09-07T05:16:08.978Z","level":"debug","component":"chatOrchestrate:orchestrator","message":"stage.timing","stage":"synthesizer","ms":0}
{"ts":"2026-09-07T05:16:08.978Z","level":"info","component":"chatOrchestrate:orchestrator","message":"stage.complete","stage":"synthesizer","messageId":"msg_1788758168978_18","status":"success","ms":0}
{"ts":"2026-09-07T05:16:08.978Z","level":"info","component":"chatOrchestrate:orchestrator","message":"stage.start","stage":"coherenceMonitor","messageId":"msg_1788758168978_19"}
{"ts":"2026-09-07T05:16:08.985Z","level":"debug","component":"chatOrchestrate:orchestrator","message":"stage.timing","stage":"coherenceMonitor","ms":7}
